// Jest Snapshot v1, https://goo.gl/fbAQLP

exports[`<Controls /> renders 1`] = `
<section>
  <label
    htmlFor="name"
  >
    Name
  </label>
  <input
    name="name"
    onChange={[MockFunction]}
    type="text"
    value="the dude"
  />
  <label
    htmlFor="greeting"
  >
    Greeting
  </label>
  <input
    name="greeting"
    onChange={[MockFunction]}
    type="text"
    value="abide, sir"
  />
</section>
`;
